20:54:40 **** Auto Build of configuration Debug for project NU_er_det_Nu ****
make pre-build main-build 
a9-linaro-pre-build-step
' '
'Building file: ../src/helloworld.c'
'Invoking: ARM v7 gcc compiler'
arm-none-eabi-gcc -Wall -O0 -g3 -c -fmessage-length=0 -MT"src/helloworld.o" -mcpu=cortex-a9 -mfpu=vfpv3 -mfloat-abi=hard -I../../NU_er_det_Nu_bsp/ps7_cortexa9_0/include -MMD -MP -MF"src/helloworld.d" -MT"src/helloworld.o" -o "src/helloworld.o" "../src/helloworld.c"
'Finished building: ../src/helloworld.c'
' '
'Building target: NU_er_det_Nu.elf'
'Invoking: ARM v7 gcc linker'
arm-none-eabi-gcc -mcpu=cortex-a9 -mfpu=vfpv3 -mfloat-abi=hard -Wl,-build-id=none -specs=Xilinx.spec -Wl,-T -Wl,../src/lscript.ld -L../../NU_er_det_Nu_bsp/ps7_cortexa9_0/lib -o "NU_er_det_Nu.elf"  ./src/helloworld.o ./src/platform.o   -Wl,--start-group,-lxil,-lgcc,-lc,--end-group
'Finished building target: NU_er_det_Nu.elf'
' '
'Invoking: ARM v7 Print Size'
arm-none-eabi-size NU_er_det_Nu.elf  |tee "NU_er_det_Nu.elf.size"
   text	   data	    bss	    dec	    hex	filename
  75856	   2588	  23392	 101836	  18dcc	NU_er_det_Nu.elf
'Finished building: NU_er_det_Nu.elf.size'
' '

20:54:41 Build Finished (took 1s.258ms)

